// Jest Snapshot v1, https://goo.gl/fbAQLP

exports[`<MessageList /> component MessageList snapshot renders 1`] = `
<div
  className="message-list__container"
/>
`;
